----------------------------------------------------------------------------------
      name:  <unnamed>
       log:  F:\data3\ABM\R21_yr1\csv_files\origin_destination.log
  log type:  text
 opened on:  12 Apr 2015, 18:45:08

. set more off

. 
. * origin_destination.do April 2015
. 
. * 1. restrict lf to 11-44 in 1995 - 16-49 in 2000 so that 16-44 each year
. *    save indiv_year_1.dta for age 16-44 in each year
. 
. * 2. selected destinations
. *    Guangdong, Shanghai, Zhejiang, Jiangsu, Beijing
. 
. * 3. selected origins
. *    Anhui, Jiangxi, Henan, Hubei, Hunan, Guangxi, Sichuan
. 
. tempfile t t1 s s1995 s1996 s1997 s1998 s1999 s2000 u1995 u1996 u1997 u1998 u199
> 9 u2000 

. set linesize 255

. 
. *================
. * individual data
. *================
. use csv1_d2, clear

. keep pid provhk spv* rup* age 

. 
. tab rup1995

    rup1995 |      Freq.     Percent        Cum.
------------+-----------------------------------
          1 |    384,609       99.88       99.88
          2 |        291        0.08       99.95
          3 |        178        0.05      100.00
------------+-----------------------------------
      Total |    385,078      100.00

. 
. forval i=1995/2000 {
  2. ren rup`i' mig`i'
  3. recode mig`i' 1=0 2 3=1
  4. la var mig`i' "migration status 1 yes 0 no"
  5. }
(mig1995: 385078 changes made)
(mig1996: 385078 changes made)
(mig1997: 385078 changes made)
(mig1998: 385078 changes made)
(mig1999: 385078 changes made)
(mig2000: 385078 changes made)

. 
. save `t'
file C:\Users\lhao2\AppData\Local\Temp\5\ST_00000001.tmp saved

. sum

    Variable |       Obs        Mean    Std. Dev.       Min        Max
-------------+--------------------------------------------------------
         pid |    385078    3.89e+09    1.32e+09   1.10e+09   6.59e+09
         age |    385078    36.53478    12.69982         16         64
      provhk |    385078    38.93742    13.10231         11         65
     spv1995 |    385078    15.61417     6.80004          1         30
     spv1996 |    385078    15.61132    6.803884          1         30
-------------+--------------------------------------------------------
     spv1997 |    385078    15.60706    6.808914          1         30
     spv1998 |    385078     15.6008    6.815955          1         30
     spv1999 |    385078    15.57973    6.828282          1         30
     spv2000 |    385078    15.53708    6.859503          1         30
     mig1995 |    385078    .0012179    .0348777          0          1
-------------+--------------------------------------------------------
     mig1996 |    385078    .0063494    .0794296          0          1
     mig1997 |    385078    .0136622    .1160842          0          1
     mig1998 |    385078    .0255948    .1579234          0          1
     mig1999 |    385078    .0491069    .2160916          0          1
     mig2000 |    385078    .0832351    .2762376          0          1

. 
. *====================
. * fixing 31 provinces
. * involving vars spv* mig* provhk
. * divert .263 of Sichuan to Chongqing
. * yearly operation
. 
. * province of residence in each year 
. 
. forval i=1995/2000 {
  2. use `t', clear
  3. keep pid spv`i' mig`i' provhk
  4. ren spv`i' spv
  5. ren mig`i' mig
  6. save `s`i'', replace
  7. 
. keep if spv==22
  8. gen random=runiform()
  9. sort random
 10. replace spv=23 if random>.263
 11. save `u`i''
 12. 
. use `s`i'', clear
 13. drop if spv==22
 14. replace spv=spv+1 if spv>22
 15. append using `u`i'' 
 16. keep pid spv mig provhk
 17. 
. * province of hukou
. * consistency of province of hukou and residence among nonmig in each year 
. replace provhk=50 if provhk==51 & spv==22 & mig==0 
 18. save `s`i'', replace
 19. 
. * random assign among mig in each year
. keep if mig==1 & provhk==51 
 20. gen random=runiform()
 21. sort random
 22. replace provhk=50 if random<=.263
 23. keep pid spv mig provhk
 24. save `u`i'', replace
 25. sum
 26. 
. use `s`i'', clear
 27. drop if mig==1 & provhk==51 
 28. append using `u`i''
 29. keep pid spv mig provhk
 30. gen year=`i'
 31. save `s`i'', replace
 32. }
(note: file C:\Users\lhao2\AppData\Local\Temp\5\ST_00000004.tmp not found)
file C:\Users\lhao2\AppData\Local\Temp\5\ST_00000004.tmp saved
(345619 observations deleted)
(29139 real changes made)
file C:\Users\lhao2\AppData\Local\Temp\5\ST_0000000a.tmp saved
(39459 observations deleted)
(59284 real changes made)
(10311 real changes made)
file C:\Users\lhao2\AppData\Local\Temp\5\ST_00000004.tmp saved
(384993 observations deleted)
(18 real changes made)
file C:\Users\lhao2\AppData\Local\Temp\5\ST_0000000a.tmp saved

    Variable |       Obs        Mean    Std. Dev.       Min        Max
-------------+--------------------------------------------------------
         pid |        85    4.61e+09    9.21e+08   1.10e+09   6.53e+09
      provhk |        85    50.78824    .4109837         50         51
         spv |        85    20.18824     5.25197          1         31
         mig |        85           1           0          1          1
(85 observations deleted)
file C:\Users\lhao2\AppData\Local\Temp\5\ST_00000004.tmp saved
(note: file C:\Users\lhao2\AppData\Local\Temp\5\ST_00000005.tmp not found)
file C:\Users\lhao2\AppData\Local\Temp\5\ST_00000005.tmp saved
(345820 observations deleted)
(28980 real changes made)
file C:\Users\lhao2\AppData\Local\Temp\5\ST_0000000b.tmp saved
(39258 observations deleted)
(59311 real changes made)
(10259 real changes made)
file C:\Users\lhao2\AppData\Local\Temp\5\ST_00000005.tmp saved
(384712 observations deleted)
(89 real changes made)
file C:\Users\lhao2\AppData\Local\Temp\5\ST_0000000b.tmp saved

    Variable |       Obs        Mean    Std. Dev.       Min        Max
-------------+--------------------------------------------------------
         pid |       366    4.52e+09    8.77e+08   1.10e+09   6.59e+09
      provhk |       366    50.75683    .4295838         50         51
         spv |       366    19.49727    5.299133          1         31
         mig |       366           1           0          1          1
(366 observations deleted)
file C:\Users\lhao2\AppData\Local\Temp\5\ST_00000005.tmp saved
(note: file C:\Users\lhao2\AppData\Local\Temp\5\ST_00000006.tmp not found)
file C:\Users\lhao2\AppData\Local\Temp\5\ST_00000006.tmp saved
(346146 observations deleted)
(28657 real changes made)
file C:\Users\lhao2\AppData\Local\Temp\5\ST_0000000c.tmp saved
(38932 observations deleted)
(59334 real changes made)
(10207 real changes made)
file C:\Users\lhao2\AppData\Local\Temp\5\ST_00000006.tmp saved
(384258 observations deleted)
(200 real changes made)
file C:\Users\lhao2\AppData\Local\Temp\5\ST_0000000c.tmp saved

    Variable |       Obs        Mean    Std. Dev.       Min        Max
-------------+--------------------------------------------------------
         pid |       820    4.50e+09    8.82e+08   1.10e+09   6.59e+09
      provhk |       820     50.7561    .4296966         50         51
         spv |       820    19.35366    5.260426          1         31
         mig |       820           1           0          1          1
(820 observations deleted)
file C:\Users\lhao2\AppData\Local\Temp\5\ST_00000006.tmp saved
(note: file C:\Users\lhao2\AppData\Local\Temp\5\ST_00000007.tmp not found)
file C:\Users\lhao2\AppData\Local\Temp\5\ST_00000007.tmp saved
(346666 observations deleted)
(28369 real changes made)
file C:\Users\lhao2\AppData\Local\Temp\5\ST_0000000d.tmp saved
(38412 observations deleted)
(59374 real changes made)
(9920 real changes made)
file C:\Users\lhao2\AppData\Local\Temp\5\ST_00000007.tmp saved
(383520 observations deleted)
(395 real changes made)
file C:\Users\lhao2\AppData\Local\Temp\5\ST_0000000d.tmp saved

    Variable |       Obs        Mean    Std. Dev.       Min        Max
-------------+--------------------------------------------------------
         pid |      1558    4.50e+09    8.59e+08   1.10e+09   6.59e+09
      provhk |      1558    50.74647    .4351714         50         51
         spv |      1558    19.35623    5.155594          1         31
         mig |      1558           1           0          1          1
(1558 observations deleted)
file C:\Users\lhao2\AppData\Local\Temp\5\ST_00000007.tmp saved
(note: file C:\Users\lhao2\AppData\Local\Temp\5\ST_00000008.tmp not found)
file C:\Users\lhao2\AppData\Local\Temp\5\ST_00000008.tmp saved
(347790 observations deleted)
(27576 real changes made)
file C:\Users\lhao2\AppData\Local\Temp\5\ST_0000000e.tmp saved
(37288 observations deleted)
(59253 real changes made)
(9482 real changes made)
file C:\Users\lhao2\AppData\Local\Temp\5\ST_00000008.tmp saved
(382002 observations deleted)
(764 real changes made)
file C:\Users\lhao2\AppData\Local\Temp\5\ST_0000000e.tmp saved

    Variable |       Obs        Mean    Std. Dev.       Min        Max
-------------+--------------------------------------------------------
         pid |      3076    4.45e+09    8.70e+08   1.10e+09   6.59e+09
      provhk |      3076    50.75163    .4321404         50         51
         spv |      3076    19.02113    5.217969          1         31
         mig |      3076           1           0          1          1
(3076 observations deleted)
file C:\Users\lhao2\AppData\Local\Temp\5\ST_00000008.tmp saved
(note: file C:\Users\lhao2\AppData\Local\Temp\5\ST_00000009.tmp not found)
file C:\Users\lhao2\AppData\Local\Temp\5\ST_00000009.tmp saved
(349500 observations deleted)
(26198 real changes made)
file C:\Users\lhao2\AppData\Local\Temp\5\ST_0000000f.tmp saved
(35578 observations deleted)
(59270 real changes made)
(9017 real changes made)
file C:\Users\lhao2\AppData\Local\Temp\5\ST_00000009.tmp saved
(379750 observations deleted)
(1395 real changes made)
file C:\Users\lhao2\AppData\Local\Temp\5\ST_0000000f.tmp saved

    Variable |       Obs        Mean    Std. Dev.       Min        Max
-------------+--------------------------------------------------------
         pid |      5328    4.38e+09    1.01e+09   1.10e+09   6.59e+09
      provhk |      5328    50.73818    .4396688         50         51
         spv |      5328    18.62631    5.945264          1         31
         mig |      5328           1           0          1          1
(5328 observations deleted)
file C:\Users\lhao2\AppData\Local\Temp\5\ST_00000009.tmp saved

. 
. use `s1995', clear

. forval i=1996/2000 {
  2. append using `s`i''
  3. }

. sort pid year

. save `s', replace
(note: file C:\Users\lhao2\AppData\Local\Temp\5\ST_00000003.tmp not found)
file C:\Users\lhao2\AppData\Local\Temp\5\ST_00000003.tmp saved

. sum

    Variable |       Obs        Mean    Std. Dev.       Min        Max
-------------+--------------------------------------------------------
         pid |   2310468    3.89e+09    1.32e+09   1.10e+09   6.59e+09
      provhk |   2310468    38.91056    13.07854         11         65
         spv |   2310468    15.81881    7.115511          1         31
         mig |   2310468     .029861    .1702039          0          1
        year |   2310468      1997.5    1.707825       1995       2000

. 
. use `t', clear

. keep pid age

. *==================================
. * age 11-44 in 1995 - 16-49 in 2000
. * aging, assuming no deaths
. keep if age>=16 & age<=49
(71723 observations deleted)

. gen age1999=age-1

. gen age1998=age-2

. gen age1997=age-3

. gen age1996=age-4

. gen age1995=age-5

. ren age age2000

. sum age*

    Variable |       Obs        Mean    Std. Dev.       Min        Max
-------------+--------------------------------------------------------
     age2000 |    313355    32.04858    9.260509         16         49
     age1999 |    313355    31.04858    9.260509         15         48
     age1998 |    313355    30.04858    9.260509         14         47
     age1997 |    313355    29.04858    9.260509         13         46
     age1996 |    313355    28.04858    9.260509         12         45
-------------+--------------------------------------------------------
     age1995 |    313355    27.04858    9.260509         11         44

. 
. * long form
. reshape long age, i(pid) j(year) 
(note: j = 1995 1996 1997 1998 1999 2000)

Data                               wide   ->   long
-----------------------------------------------------------------------------
Number of obs.                   313355   -> 1.9e+06
Number of variables                   7   ->       3
j variable (6 values)                     ->   year
xij variables:
            age1995 age1996 ... age2000   ->   age
-----------------------------------------------------------------------------

. sort pid year

. merge 1:1 pid year using `s'
(note: variable year was int, now float to accommodate using data's values)

    Result                           # of obs.
    -----------------------------------------
    not matched                       430,338
        from master                         0  (_merge==1)
        from using                    430,338  (_merge==2)

    matched                         1,880,130  (_merge==3)
    -----------------------------------------

. drop _merge

. sum

    Variable |       Obs        Mean    Std. Dev.       Min        Max
-------------+--------------------------------------------------------
         pid |   2310468    3.89e+09    1.32e+09   1.10e+09   6.59e+09
        year |   2310468      1997.5    1.707825       1995       2000
         age |   1880130    29.54858    9.416659         11         49
      provhk |   2310468    38.91056    13.07854         11         65
         spv |   2310468    15.81881    7.115511          1         31
-------------+--------------------------------------------------------
         mig |   2310468     .029861    .1702039          0          1

. 
. * provhk & sequence id crosswalk
. tab provhk

province of |
      hukou |
registratio |
          n |      Freq.     Percent        Cum.
------------+-----------------------------------
         11 |      6,888        0.30        0.30
         12 |      6,996        0.30        0.60
         13 |    148,476        6.43        7.03
         14 |     59,352        2.57        9.60
         15 |     36,732        1.59       11.19
         21 |     56,106        2.43       13.61
         22 |     38,754        1.68       15.29
         23 |     46,710        2.02       17.31
         31 |      5,112        0.22       17.53
         32 |    124,896        5.41       22.94
         33 |     76,530        3.31       26.25
         34 |    133,356        5.77       32.02
         35 |     58,488        2.53       34.56
         36 |     79,764        3.45       38.01
         37 |    179,466        7.77       45.78
         41 |    214,140        9.27       55.04
         42 |    102,570        4.44       59.48
         43 |    142,644        6.17       65.66
         44 |     93,468        4.05       69.70
         45 |     96,306        4.17       73.87
         46 |     11,010        0.48       74.35
         50 |     62,057        2.69       77.03
         51 |    175,009        7.57       84.61
         52 |     80,202        3.47       88.08
         53 |     99,510        4.31       92.39
         54 |      6,162        0.27       92.65
         61 |     68,238        2.95       95.61
         62 |     54,732        2.37       97.97
         63 |      8,616        0.37       98.35
         64 |      8,982        0.39       98.74
         65 |     29,196        1.26      100.00
------------+-----------------------------------
      Total |  2,310,468      100.00

. 
. gen spvhk=provhk

. # delimit ;
delimiter now ;
. recode spvhk
> (       11      =       1       )
> (       12      =       2       )
> (       13      =       3       )
> (       14      =       4       )
> (       15      =       5       )
> (       21      =       6       )
> (       22      =       7       )
> (       23      =       8       )
> (       31      =       9       )
> (       32      =       10      )
> (       33      =       11      )
> (       34      =       12      )
> (       35      =       13      )
> (       36      =       14      )
> (       37      =       15      )
> (       41      =       16      )
> (       42      =       17      )
> (       43      =       18      )
> (       44      =       19      )
> (       45      =       20      )
> (       46      =       21      )
> (       50      =       22      )
> (       51      =       23      )
> (       52      =       24      )
> (       53      =       25      )
> (       54      =       26      )
> (       61      =       27      )
> (       62      =       28      )
> (       63      =       29      )
> (       64      =       30      )
> (       65      =       31      )
> ;
(spvhk: 2310468 changes made)

. # delimit cr
delimiter now cr
. drop provhk

. tab spvhk

      spvhk |      Freq.     Percent        Cum.
------------+-----------------------------------
          1 |      6,888        0.30        0.30
          2 |      6,996        0.30        0.60
          3 |    148,476        6.43        7.03
          4 |     59,352        2.57        9.60
          5 |     36,732        1.59       11.19
          6 |     56,106        2.43       13.61
          7 |     38,754        1.68       15.29
          8 |     46,710        2.02       17.31
          9 |      5,112        0.22       17.53
         10 |    124,896        5.41       22.94
         11 |     76,530        3.31       26.25
         12 |    133,356        5.77       32.02
         13 |     58,488        2.53       34.56
         14 |     79,764        3.45       38.01
         15 |    179,466        7.77       45.78
         16 |    214,140        9.27       55.04
         17 |    102,570        4.44       59.48
         18 |    142,644        6.17       65.66
         19 |     93,468        4.05       69.70
         20 |     96,306        4.17       73.87
         21 |     11,010        0.48       74.35
         22 |     62,057        2.69       77.03
         23 |    175,009        7.57       84.61
         24 |     80,202        3.47       88.08
         25 |     99,510        4.31       92.39
         26 |      6,162        0.27       92.65
         27 |     68,238        2.95       95.61
         28 |     54,732        2.37       97.97
         29 |      8,616        0.37       98.35
         30 |      8,982        0.39       98.74
         31 |     29,196        1.26      100.00
------------+-----------------------------------
      Total |  2,310,468      100.00

. 
. * save individual-year data
. keep if age>=16 & age<=44
(668562 observations deleted)

. 
. compress
  year was float now int
  age was float now byte
  spvhk was float now byte
  (13,135,248 bytes saved)

. sort pid year

. saveold indiv_year_1, replace
file indiv_year_1.dta saved

. d

Contains data from indiv_year_1.dta
  obs:     1,641,906                          
 vars:             6                          12 Apr 2015 18:45
 size:    22,986,684                          
---------------------------------------------------------------------------------------------------------------------------------------------------------------------------------------------------------------------------------------------------------------
              storage   display    value
variable name   type    format     label      variable label
---------------------------------------------------------------------------------------------------------------------------------------------------------------------------------------------------------------------------------------------------------------
pid             double  %10.0f                personal ID = hhid+individual ID (R1)
year            int     %9.0g                 
age             byte    %8.0g                 
spv             byte    %9.0g                 
mig             byte    %9.0g                 migration status 1 yes 0 no
spvhk           byte    %9.0g                 
---------------------------------------------------------------------------------------------------------------------------------------------------------------------------------------------------------------------------------------------------------------
Sorted by:  pid  year

. sum

    Variable |       Obs        Mean    Std. Dev.       Min        Max
-------------+--------------------------------------------------------
         pid |   1641906    3.88e+09    1.32e+09   1.10e+09   6.59e+09
        year |   1641906    1997.505     1.70465       1995       2000
         age |   1641906    29.52262    7.933252         16         44
         spv |   1641906     15.8205    7.135591          1         31
         mig |   1641906    .0392751    .1942488          0          1
-------------+--------------------------------------------------------
       spvhk |   1641906     15.8559    7.112274          1         31

. 
. *====================================
. * origin-destination matrix for mig=1
. *====================================
. tab spvhk spv if mig==1

           |                                                                                                             spv
     spvhk |         1          2          3          4          5          6          7          8          9         10         11         12         13         14         15         16         17         18         19         20 |     Total
-----------+----------------------------------------------------------------------------------------------------------------------------------------------------------------------------------------------------------------------------+----------
         1 |        65          1          0          0          0          0          0          0          0          0          0          0          0          0          0          0          0          0          0          0 |        67 
         2 |         3         53          0          0          0          0          0          0          0          0          0          0          0          0          0          0          0          0          4          0 |        63 
         3 |       581         88        482         34         13          5          8          5          9         12         12          0          2          4         21         11          1          0         24          6 |     1,331 
         4 |        48          3         22        423         31          0          0          0          0          0          0          0          0          0          2         16          0          1          2          0 |       572 
         5 |        36          6         25         22        598         35          5          2          0          0          0          0          0          0          8          0          0          0          1          0 |       748 
         6 |        36          1          4          0          9        540          9          9          2          4          0          0          0          0          1          0          2          0         24          0 |       642 
         7 |        14          6         16          2          7         69        199         40          2          0          0          0          5          0         21          0          2          3         23          0 |       414 
         8 |         9         21         17          0         14        110         14        499          2          1          6          0          0          0         28          0          0          0         14          0 |       738 
         9 |         0          0          0          0          0          0          0          0         62          0          0          0          0          0          0          0          0          0          0          0 |        62 
        10 |       132         19          4          6          4          8         42          5        635      1,779        104         21         12          2         33         24          5          8        195          0 |     3,124 
        11 |        58         20         39         42          2         14          0          6        259        169      2,039         42         55          7         42         37         49         21        173         25 |     3,341 
        12 |       161         34         41         11          3         68          5          0      1,020        894        831        584        162          0         45          8         29         16        377         11 |     4,359 
        13 |        24          0          9          1         10          5         14          0        130         47         35          3      1,573         17         17          4          0         25        306         11 |     2,318 
        14 |        16          7          0          4          0          8          0          2        146         74        883          3        523        584         12          4         14         22      2,056         12 |     4,441 
        15 |       197        106         30         19          3         27          9         34         45         40         29          0         10          0      1,716         29          1          0        160          0 |     2,515 
        16 |       292         66         80        113          4         24          6          3         99        114        236          4         29          1        137        783         55          4      1,525          0 |     3,845 
        17 |        73         39         43         25          6         19          5         15         48         91        235          7        127          7         24         30      1,244         40      1,880         16 |     4,214 
        18 |        18          0          5          0          1          1          0          0         20         36        214          4         63         27          2          8         17      1,064      4,389        147 |     6,215 
        19 |        19          0         16          0          0          0          0          0          3          3          5          0          1          6          5          0          5          1      5,072          4 |     5,179 
        20 |         0          0          0          0          0          0          0          0          2          5         26          0         14          4          0          0          2          4      2,819        919 |     3,855 
        21 |         0          0          0          0          0          0          0          0          0          0          0          0          0          0          0          0          0          0         60          0 |       156 
        22 |        42          7         15         22          3          8          0          0         49         87        147          0        153          0         10          5         19          8      1,205         21 |     2,700 
        23 |       147         18         51         37          3         15          0          1        169        250        477          0        392          0         36         12         41         14      3,465         45 |     7,894 
        24 |        12          1          0          4          0          1          0          1         12         59        286          1        111          3          1          0          2          4        731         27 |     1,986 
        25 |         1          0          0          2          0          0          0          0          3          2         36          0          5          0          0          0          0          0         35          6 |     1,150 
        26 |         0          0          0          0          0          0          0          0          0          0          0          0          0          0          0          0          0          0          9          0 |        41 
        27 |        37         12          0         22         28          0          0          0          9         15         28          0         13          0         11         36          0          1        404          0 |     1,317 
        28 |        43          2          4          0         11          0          0          0         12         11          1          0          1          0          1          1          0          0        100          0 |       761 
        29 |         0          0          0          0          1          0          0          0          0          0          0          0          0          0          0          0          0          0          1          0 |        77 
        30 |         0          0          0          0          0          0          0          0          0          0          0          0          0          0          0          1          0          0          1          0 |       125 
        31 |         7          0          3          0          0          0          0          0          4          0          0          0          0          0          0          0          0          0          9          2 |       236 
-----------+----------------------------------------------------------------------------------------------------------------------------------------------------------------------------------------------------------------------------+----------
     Total |     2,071        510        906        789        751        957        316        622      2,742      3,693      5,630        669      3,251        662      2,173      1,009      1,488      1,236     25,064      1,252 |    64,486 


           |                                                           spv
     spvhk |        21         22         23         24         25         26         27         28         29         30         31 |     Total
-----------+-------------------------------------------------------------------------------------------------------------------------+----------
         1 |         0          0          0          0          1          0          0          0          0          0          0 |        67 
         2 |         0          2          1          0          0          0          0          0          0          0          0 |        63 
         3 |         0          0          2          0          6          0          0          4          0          1          0 |     1,331 
         4 |         0          2          2          0          0          0         10          0          0          0         10 |       572 
         5 |         0          0          0          0          0          0          0         10          0          0          0 |       748 
         6 |         0          0          0          0          0          0          1          0          0          0          0 |       642 
         7 |         0          0          0          0          0          0          0          0          0          0          5 |       414 
         8 |         0          0          3          0          0          0          0          0          0          0          0 |       738 
         9 |         0          0          0          0          0          0          0          0          0          0          0 |        62 
        10 |         0          1          1          0         21          0          4          1          4          0         54 |     3,124 
        11 |         0          9         32         19         95          5         16         16          0          6         44 |     3,341 
        12 |         2          1          1          0          4          0          4          4          4          4         35 |     4,359 
        13 |         0          4         14          4         49          5          1          3          2          0          5 |     2,318 
        14 |        22          1          5         15         11          0          6          0          0          2          9 |     4,441 
        15 |         4          2          4          4          3          0          5          2          0          3         33 |     2,515 
        16 |         2          3          9          0         17          4         16         10          5         13        191 |     3,845 
        17 |        16          5         13          4         65          0         30          6          7          2         92 |     4,214 
        18 |        16          3         13         47         71          4          3          0          0          4         38 |     6,215 
        19 |        16          0          1          0         22          0          0          0          0          0          0 |     5,179 
        20 |        36          0          0          0         21          0          0          0          0          0          3 |     3,855 
        21 |        96          0          0          0          0          0          0          0          0          0          0 |       156 
        22 |         4        190        466         20        115         10         10          8          0          5         71 |     2,700 
        23 |         9        492      1,450         75        317         51         29         15          8          6        269 |     7,894 
        24 |         4          1          3        582        140          0          0          0          0          0          0 |     1,986 
        25 |         0          2          7          3      1,047          1          0          0          0          0          0 |     1,150 
        26 |         0          0          0          0          0         32          0          0          0          0          0 |        41 
        27 |         0          2          7          0          4          8        587         22          3         16         52 |     1,317 
        28 |         0          1          1          0          4         10          6        318         27         26        181 |       761 
        29 |         0          0          0          0          0          3          0          1         51          0         20 |        77 
        30 |         0          0          0          0          0          0          0          1          0        100         22 |       125 
        31 |         0          0          0          0          0          0          0          0          0          2        209 |       236 
-----------+-------------------------------------------------------------------------------------------------------------------------+----------
     Total |       227        721      2,035        773      2,013        133        728        421        111        190      1,343 |    64,486 


. 
. *==========================
. * labor count
. 
. * selected destinations
. bys year: tab spvhk spv if mig==1 & (spv==1 | spv==9 | spv==10 | spv==11 | spv==19) 

---------------------------------------------------------------------------------------------------------------------------------------------------------------------------------------------------------------------------------------------------------------
-> year = 1995

           |                          spv
     spvhk |         1          9         10         11         19 |     Total
-----------+-------------------------------------------------------+----------
         3 |         3          0          0          0          0 |         3 
         7 |         0          0          0          0          1 |         1 
        10 |         0          7         13          0          2 |        22 
        11 |         0          4          3         24          0 |        31 
        12 |         0          7          1          1          2 |        11 
        13 |         0          4          0          0          1 |         5 
        14 |         0          1          0          4          6 |        11 
        15 |         2          0          4          0          2 |         8 
        16 |         1          0          0          0          7 |         8 
        17 |         0          0          0          3          8 |        11 
        18 |         2          0          1          2         14 |        19 
        19 |         0          0          0          0         46 |        46 
        20 |         0          0          0          0         24 |        24 
        22 |         0          0          0          0          9 |         9 
        23 |         3          0          0          3         24 |        30 
        24 |         0          1          0          0          2 |         3 
        27 |         1          0          0          0          0 |         1 
        28 |         1          0          0          0          3 |         4 
-----------+-------------------------------------------------------+----------
     Total |        13         24         22         37        151 |       247 


---------------------------------------------------------------------------------------------------------------------------------------------------------------------------------------------------------------------------------------------------------------
-> year = 1996

           |                          spv
     spvhk |         1          9         10         11         19 |     Total
-----------+-------------------------------------------------------+----------
         1 |         3          0          0          0          0 |         3 
         3 |        25          0          0          0          2 |        27 
         4 |         3          0          0          0          0 |         3 
         5 |         2          0          0          0          0 |         2 
         6 |         2          0          0          0          1 |         3 
         7 |         1          0          0          0          2 |         3 
         8 |         0          0          0          0          1 |         1 
         9 |         0          6          0          0          0 |         6 
        10 |         4         27         82          3          7 |       123 
        11 |         3         12          8         86          0 |       109 
        12 |         2         32         27         14         10 |        85 
        13 |         0          9          0          2         10 |        21 
        14 |         0          6          5         26         62 |        99 
        15 |        12          3          4          1          3 |        23 
        16 |         6          3          0          3         29 |        41 
        17 |         0          0          2          8         48 |        58 
        18 |         2          0          1          3        125 |       131 
        19 |         3          0          0          0        199 |       202 
        20 |         0          0          0          1        104 |       105 
        21 |         0          0          0          0          2 |         2 
        22 |         0          3          4          3         36 |        46 
        23 |         6          6          7          9        117 |       145 
        24 |         2          1          0          4         18 |        25 
        25 |         0          0          0          0          1 |         1 
        27 |         3          0          2          0          7 |        12 
        28 |         1          0          0          0          4 |         5 
        31 |         0          0          0          0          1 |         1 
-----------+-------------------------------------------------------+----------
     Total |        80        108        142        163        789 |     1,282 


---------------------------------------------------------------------------------------------------------------------------------------------------------------------------------------------------------------------------------------------------------------
-> year = 1997

           |                          spv
     spvhk |         1          9         10         11         19 |     Total
-----------+-------------------------------------------------------+----------
         1 |         5          0          0          0          0 |         5 
         3 |        41          0          0          0          3 |        44 
         4 |         3          0          0          0          0 |         3 
         5 |         2          0          0          0          0 |         2 
         6 |         3          0          1          0          4 |         8 
         7 |         0          0          0          0          3 |         3 
         8 |         0          0          0          0          1 |         1 
         9 |         0          7          0          0          0 |         7 
        10 |        18         50        152          7         15 |       242 
        11 |         9         17         20        174         14 |       234 
        12 |         7         69         67         30         26 |       199 
        13 |         4         12          0          3         17 |        36 
        14 |         0         13          7         50        149 |       219 
        15 |        19          3          4          2         16 |        44 
        16 |        16          6          2          9         80 |       113 
        17 |         3          2          7         13        117 |       142 
        18 |         2          1          3         10        275 |       291 
        19 |         3          0          0          0        405 |       408 
        20 |         0          0          0          1        213 |       214 
        21 |         0          0          0          0          5 |         5 
        22 |         3          5          5          4         79 |        96 
        23 |         8         14         17         23        274 |       336 
        24 |         2          1          2         18         44 |        67 
        25 |         0          0          0          1          2 |         3 
        27 |         3          0          2          1         31 |        37 
        28 |         1          3          2          0          9 |        15 
        31 |         0          0          0          0          2 |         2 
-----------+-------------------------------------------------------+----------
     Total |       152        203        291        346      1,784 |     2,776 


---------------------------------------------------------------------------------------------------------------------------------------------------------------------------------------------------------------------------------------------------------------
-> year = 1998

           |                          spv
     spvhk |         1          9         10         11         19 |     Total
-----------+-------------------------------------------------------+----------
         1 |         8          0          0          0          0 |         8 
         3 |        70          1          4          1          4 |        80 
         4 |         8          0          0          0          0 |         8 
         5 |         5          0          0          0          0 |         5 
         6 |         6          0          1          0          5 |        12 
         7 |         2          0          0          0          4 |         6 
         8 |         0          0          0          0          1 |         1 
         9 |         0         13          0          0          0 |        13 
        10 |        23         90        264         12         29 |       418 
        11 |         9         39         26        314         31 |       419 
        12 |        19        146        107         96         53 |       421 
        13 |         4         20          7          4         41 |        76 
        14 |         0         27         14         94        288 |       423 
        15 |        34          6          6          5         24 |        75 
        16 |        41         13         15         21        197 |       287 
        17 |        10          5         15         25        244 |       299 
        18 |         2          1          6         20        590 |       619 
        19 |         3          0          1          1        797 |       802 
        20 |         0          0          1          1        396 |       398 
        21 |         0          0          0          0          8 |         8 
        22 |         6          4         16         14        177 |       217 
        23 |        12         23         31         48        506 |       620 
        24 |         2          1          4         30         75 |       112 
        25 |         0          0          0          3          3 |         6 
        26 |         0          0          0          0          1 |         1 
        27 |         3          2          2          1         66 |        74 
        28 |         4          3          2          0         16 |        25 
        31 |         0          0          0          0          2 |         2 
-----------+-------------------------------------------------------+----------
     Total |       271        394        522        690      3,558 |     5,435 


---------------------------------------------------------------------------------------------------------------------------------------------------------------------------------------------------------------------------------------------------------------
-> year = 1999

           |                          spv
     spvhk |         1          9         10         11         19 |     Total
-----------+-------------------------------------------------------+----------
         1 |        18          0          0          0          0 |        18 
         2 |         0          0          0          0          2 |         2 
         3 |       144          4          4          5          6 |       163 
         4 |        13          0          0          0          1 |        14 
         5 |        12          0          0          0          0 |        12 
         6 |        11          1          1          0          6 |        19 
         7 |         4          1          0          0          5 |        10 
         8 |         3          1          0          1          5 |        10 
         9 |         0         16          0          0          0 |        16 
        10 |        31        178        467         24         58 |       758 
        11 |        17         72         48        542         51 |       730 
        12 |        48        287        236        213        104 |       888 
        13 |         8         38         16          9         88 |       159 
        14 |         5         40         17        212        574 |       848 
        15 |        55         11         10          5         42 |       123 
        16 |        80         27         34         64        459 |       664 
        17 |        12         14         23         53        539 |       641 
        18 |         5          4          9         54      1,272 |     1,344 
        19 |         5          0          1          2      1,420 |     1,428 
        20 |         0          1          1          3        760 |       765 
        21 |         0          0          0          0         19 |        19 
        22 |         7         10         16         33        347 |       413 
        23 |        38         46         62        120      1,018 |     1,284 
        24 |         2          2         23         65        211 |       303 
        25 |         0          1          0          9          8 |        18 
        26 |         0          0          0          0          4 |         4 
        27 |         9          3          2          5        123 |       142 
        28 |        11          3          2          0         29 |        45 
        31 |         0          0          0          0          2 |         2 
-----------+-------------------------------------------------------+----------
     Total |       538        760        972      1,419      7,153 |    10,842 


---------------------------------------------------------------------------------------------------------------------------------------------------------------------------------------------------------------------------------------------------------------
-> year = 2000

           |                          spv
     spvhk |         1          9         10         11         19 |     Total
-----------+-------------------------------------------------------+----------
         1 |        31          0          0          0          0 |        31 
         2 |         3          0          0          0          2 |         5 
         3 |       298          4          4          6          9 |       321 
         4 |        21          0          0          0          1 |        22 
         5 |        15          0          0          0          1 |        16 
         6 |        14          1          1          0          8 |        24 
         7 |         7          1          0          0          8 |        16 
         8 |         6          1          1          5          6 |        19 
         9 |         0         20          0          0          0 |        20 
        10 |        56        283        801         58         84 |     1,282 
        11 |        20        115         64        899         77 |     1,175 
        12 |        85        479        456        477        182 |     1,679 
        13 |         8         47         24         17        149 |       245 
        14 |        11         59         31        497        977 |     1,575 
        15 |        75         22         12         16         73 |       198 
        16 |       148         50         63        139        753 |     1,153 
        17 |        48         27         44        133        924 |     1,176 
        18 |         5         14         16        125      2,113 |     2,273 
        19 |         5          3          1          2      2,205 |     2,216 
        20 |         0          1          3         20      1,322 |     1,346 
        21 |         0          0          0          0         26 |        26 
        22 |        26         27         46         93        557 |       749 
        23 |        80         80        133        274      1,526 |     2,093 
        24 |         4          6         30        169        381 |       590 
        25 |         1          2          2         23         21 |        49 
        26 |         0          0          0          0          4 |         4 
        27 |        18          4          7         21        177 |       227 
        28 |        25          3          5          1         39 |        73 
        29 |         0          0          0          0          1 |         1 
        30 |         0          0          0          0          1 |         1 
        31 |         7          4          0          0          2 |        13 
-----------+-------------------------------------------------------+----------
     Total |     1,017      1,253      1,744      2,975     11,629 |    18,618 



. 
. * selected origins
. bys year: tab spvhk spv if mig==1 & (spvhk==12 | spvhk==14 | spvhk==16 | spvhk==17 | spvhk==18 | spvhk==20 | spvhk==23)

---------------------------------------------------------------------------------------------------------------------------------------------------------------------------------------------------------------------------------------------------------------
-> year = 1995

           |                                                                                                             spv
     spvhk |         1          2          4          6          9         10         11         12         13         14         15         16         17         18         19         20         21         22         23         24 |     Total
-----------+----------------------------------------------------------------------------------------------------------------------------------------------------------------------------------------------------------------------------+----------
        12 |         0          0          1          2          7          1          1          3          2          0          0          0          0          0          2          0          0          0          0          0 |        19 
        14 |         0          0          0          0          1          0          4          0          1          3          0          0          0          1          6          0          0          0          0          0 |        16 
        16 |         1          0          0          0          0          0          0          0          0          0          1         10          0          0          7          0          0          0          0          0 |        21 
        17 |         0          1          0          0          0          0          3          0          0          0          0          0         13          0          8          0          0          0          0          0 |        26 
        18 |         2          0          0          0          0          1          2          0          0          0          0          0          0          8         14          4          0          0          0          1 |        32 
        20 |         0          0          0          0          0          0          0          0          0          0          0          0          0          0         24          7          2          0          0          0 |        33 
        23 |         3          0          0          0          0          0          3          0          0          0          0          0          0          0         24          0          0          6         22          1 |        66 
-----------+----------------------------------------------------------------------------------------------------------------------------------------------------------------------------------------------------------------------------+----------
     Total |         6          1          1          2          8          2         13          3          3          3          1         10         13          9         85         11          2          6         22          2 |       213 


           |                     spv
     spvhk |        25         26         27         31 |     Total
-----------+--------------------------------------------+----------
        12 |         0          0          0          0 |        19 
        14 |         0          0          0          0 |        16 
        16 |         0          0          1          1 |        21 
        17 |         0          0          0          1 |        26 
        18 |         0          0          0          0 |        32 
        20 |         0          0          0          0 |        33 
        23 |         5          1          0          1 |        66 
-----------+--------------------------------------------+----------
     Total |         5          1          1          3 |       213 


---------------------------------------------------------------------------------------------------------------------------------------------------------------------------------------------------------------------------------------------------------------
-> year = 1996

           |                                                                                                             spv
     spvhk |         1          2          3          4          6          9         10         11         12         13         14         15         16         17         18         19         20         21         22         23 |     Total
-----------+----------------------------------------------------------------------------------------------------------------------------------------------------------------------------------------------------------------------------+----------
        12 |         2          1          0          1          2         32         27         14         33          7          0          1          0          2          2         10          0          0          0          0 |       136 
        14 |         0          1          0          0          0          6          5         26          0          9         33          0          0          0          1         62          0          0          0          0 |       145 
        16 |         6          2          3          2          1          3          0          3          0          0          0          3         30          2          0         29          0          0          1          0 |        95 
        17 |         0          2          2          0          2          0          2          8          0          1          0          0          1         57          2         48          0          0          0          2 |       136 
        18 |         2          0          0          0          0          0          1          3          0          0          2          0          0          0         45        125         11          0          1          1 |       198 
        20 |         0          0          0          0          0          0          0          1          0          1          0          0          0          0          0        104         36          2          0          0 |       144 
        23 |         6          1          0          1          0          6          7          9          0          8          0          2          0          0          0        117          3          0         13         63 |       260 
-----------+----------------------------------------------------------------------------------------------------------------------------------------------------------------------------------------------------------------------------+----------
     Total |        16          7          5          4          5         47         42         64         33         26         35          6         31         61         50        495         50          2         15         66 |     1,114 


           |                                     spv
     spvhk |        24         25         26         27         28         30         31 |     Total
-----------+-----------------------------------------------------------------------------+----------
        12 |         0          0          0          0          0          0          2 |       136 
        14 |         1          0          0          1          0          0          0 |       145 
        16 |         0          2          0          2          1          2          3 |        95 
        17 |         0          3          0          0          0          0          6 |       136 
        18 |         1          4          0          0          0          0          2 |       198 
        20 |         0          0          0          0          0          0          0 |       144 
        23 |         2          9          1          1          0          0         11 |       260 
-----------+-----------------------------------------------------------------------------+----------
     Total |         4         18          1          4          1          2         24 |     1,114 


---------------------------------------------------------------------------------------------------------------------------------------------------------------------------------------------------------------------------------------------------------------
-> year = 1997

           |                                                                                                             spv
     spvhk |         1          2          3          4          6          9         10         11         12         13         14         15         16         17         18         19         20         21         22         23 |     Total
-----------+----------------------------------------------------------------------------------------------------------------------------------------------------------------------------------------------------------------------------+----------
        12 |         7          4          0          1          8         69         67         30         56         10          0          1          1          2          3         26          2          0          0          0 |       290 
        14 |         0          1          0          1          0         13          7         50          0         22         61          0          0          2          1        149          2          0          0          0 |       313 
        16 |        16          8          3          9          1          6          2          9          0          0          0         10         73          6          0         80          0          0          0          2 |       250 
        17 |         3          4          2          2          2          2          7         13          0          3          0          2          3        112          3        117          0          2          2          1 |       295 
        18 |         2          0          0          0          0          1          3         10          0          1          5          0          0          1        106        275         12          0          0          2 |       437 
        20 |         0          0          0          0          0          0          0          1          0          2          0          0          0          0          0        213         88          2          0          0 |       309 
        23 |         8          2          4          1          0         14         17         23          0         24          0          3          3          1          2        274          3          0         47        103 |       582 
-----------+----------------------------------------------------------------------------------------------------------------------------------------------------------------------------------------------------------------------------+----------
     Total |        36         19          9         14         11        105        103        136         56         62         66         16         80        124        115      1,134        107          4         49        108 |     2,476 


           |                                     spv
     spvhk |        24         25         26         27         28         30         31 |     Total
-----------+-----------------------------------------------------------------------------+----------
        12 |         0          1          0          0          0          0          2 |       290 
        14 |         3          0          0          1          0          0          0 |       313 
        16 |         0          2          1          2          1          2         17 |       250 
        17 |         0          7          0          0          0          0          8 |       295 
        18 |         6          6          0          0          0          1          6 |       437 
        20 |         0          3          0          0          0          0          0 |       309 
        23 |         5         18          1          2          4          1         22 |       582 
-----------+-----------------------------------------------------------------------------+----------
     Total |        14         37          2          5          5          4         55 |     2,476 


---------------------------------------------------------------------------------------------------------------------------------------------------------------------------------------------------------------------------------------------------------------
-> year = 1998

           |                                                                                                             spv
     spvhk |         1          2          3          4          5          6          7          8          9         10         11         12         13         14         15         16         17         18         19         20 |     Total
-----------+----------------------------------------------------------------------------------------------------------------------------------------------------------------------------------------------------------------------------+----------
        12 |        19          4          2          1          1         10          0          0        146        107         96         93         19          0          6          1          6          3         53          2 |       575 
        14 |         0          1          0          1          0          2          0          0         27         14         94          0         49        100          4          0          2          2        288          2 |       599 
        16 |        41         11          9         18          0          3          1          0         13         15         21          0          1          0         18        125          9          0        197          0 |       526 
        17 |        10          4          2          3          2          2          0          1          5         15         25          0          8          2          2          3        204          5        244          3 |       575 
        18 |         2          0          0          0          0          0          0          0          1          6         20          0          7          5          0          1          1        194        590         23 |       882 
        20 |         0          0          0          0          0          0          0          0          0          1          1          0          2          0          0          0          0          0        396        145 |       551 
        23 |        12          4          6          1          0          3          0          0         23         31         48          0         46          0          3          2          6          1        506          8 |     1,087 
-----------+----------------------------------------------------------------------------------------------------------------------------------------------------------------------------------------------------------------------------+----------
     Total |        84         24         19         24          3         20          1          1        215        189        305         93        132        107         33        132        228        205      2,274        183 |     4,795 


           |                                                           spv
     spvhk |        21         22         23         24         25         26         27         28         29         30         31 |     Total
-----------+-------------------------------------------------------------------------------------------------------------------------+----------
        12 |         0          0          0          0          1          0          0          0          1          1          3 |       575 
        14 |         6          0          1          3          2          0          1          0          0          0          0 |       599 
        16 |         0          0          2          0          3          1          2          2          1          2         31 |       526 
        17 |         4          0          3          1         12          0          4          0          2          0          9 |       575 
        18 |         1          0          3          8         13          0          0          0          0          1          6 |       882 
        20 |         2          0          0          0          4          0          0          0          0          0          0 |       551 
        23 |         1         79        207          9         38         10          5          3          0          1         34 |     1,087 
-----------+-------------------------------------------------------------------------------------------------------------------------+----------
     Total |        14         79        216         21         73         11         12          5          4          5         83 |     4,795 


---------------------------------------------------------------------------------------------------------------------------------------------------------------------------------------------------------------------------------------------------------------
-> year = 1999

           |                                                                                                             spv
     spvhk |         1          2          3          4          5          6          7          8          9         10         11         12         13         14         15         16         17         18         19         20 |     Total
-----------+----------------------------------------------------------------------------------------------------------------------------------------------------------------------------------------------------------------------------+----------
        12 |        48          7         11          2          1         11          0          0        287        236        213        170         37          0         10          2          7          4        104          2 |     1,166 
        14 |         5          2          0          1          0          2          0          0         40         17        212          0        143        163          4          2          4          2        574          3 |     1,193 
        16 |        80         16         20         30          1          5          1          0         27         34         64          2          8          0         37        235         15          2        459          0 |     1,104 
        17 |        12         12          2         10          2          2          1          5         14         23         53          2         33          3          5          3        332         10        539          6 |     1,121 
        18 |         5          0          2          0          0          0          0          0          4          9         54          2         16          6          1          2          5        295      1,272         40 |     1,765 
        20 |         0          0          0          0          0          0          0          0          1          1          3          0          4          1          0          0          1          2        760        247 |     1,032 
        23 |        38          5         14          3          0          6          0          0         46         62        120          0        107          0          5          3         11          4      1,018         11 |     2,178 
-----------+----------------------------------------------------------------------------------------------------------------------------------------------------------------------------------------------------------------------------+----------
     Total |       188         42         49         46          4         26          2          5        419        382        719        176        348        173         62        247        375        319      4,726        309 |     9,559 


           |                                                           spv
     spvhk |        21         22         23         24         25         26         27         28         29         30         31 |     Total
-----------+-------------------------------------------------------------------------------------------------------------------------+----------
        12 |         0          0          0          0          1          0          0          1          1          1         10 |     1,166 
        14 |         7          1          1          3          2          0          1          0          0          0          4 |     1,193 
        16 |         1          0          2          0          4          1          4          2          1          2         51 |     1,104 
        17 |         5          1          2          1         17          0         10          2          2          1         11 |     1,121 
        18 |         5          1          2         14         18          2          0          0          0          1          9 |     1,765 
        20 |         8          0          0          0          4          0          0          0          0          0          0 |     1,032 
        23 |         3        134        388         25         81         18          7          4          2          1         62 |     2,178 
-----------+-------------------------------------------------------------------------------------------------------------------------+----------
     Total |        29        137        395         43        127         21         22          9          6          6        147 |     9,559 


---------------------------------------------------------------------------------------------------------------------------------------------------------------------------------------------------------------------------------------------------------------
-> year = 2000

           |                                                                                                             spv
     spvhk |         1          2          3          4          5          6          7          8          9         10         11         12         13         14         15         16         17         18         19         20 |     Total
-----------+----------------------------------------------------------------------------------------------------------------------------------------------------------------------------------------------------------------------------+----------
        12 |        85         18         28          5          1         35          5          0        479        456        477        229         87          0         27          4         12          4        182          5 |     2,173 
        14 |        11          2          0          1          0          4          0          2         59         31        497          3        299        224          4          2          6         15        977          5 |     2,175 
        16 |       148         29         45         54          3         14          4          3         50         63        139          2         20          1         68        310         23          2        753          0 |     1,849 
        17 |        48         16         35         10          2         11          4          9         27         44        133          5         82          2         15         20        526         20        924          7 |     2,061 
        18 |         5          0          3          0          1          1          0          0         14         16        125          2         39          9          1          5         10        416      2,113         57 |     2,901 
        20 |         0          0          0          0          0          0          0          0          1          3         20          0          5          3          0          0          1          2      1,322        396 |     1,786 
        23 |        80          6         27         31          3          6          0          1         80        133        274          0        207          0         23          4         23          7      1,526         20 |     3,721 
-----------+----------------------------------------------------------------------------------------------------------------------------------------------------------------------------------------------------------------------------+----------
     Total |       377         71        138        101         10         71         13         15        710        746      1,665        241        739        239        138        345        601        466      7,797        490 |    16,666 


           |                                                           spv
     spvhk |        21         22         23         24         25         26         27         28         29         30         31 |     Total
-----------+-------------------------------------------------------------------------------------------------------------------------+----------
        12 |         2          1          1          0          1          0          4          3          2          2         18 |     2,173 
        14 |         9          0          3          5          7          0          2          0          0          2          5 |     2,175 
        16 |         1          2          3          0          6          1          5          4          3          5         88 |     1,849 
        17 |         5          2          5          2         26          0         16          4          3          1         57 |     2,061 
        18 |        10          1          5         17         30          2          3          0          0          1         15 |     2,901 
        20 |        20          0          0          0         10          0          0          0          0          0          3 |     1,786 
        23 |         5        213        667         33        166         20         14          4          6          3        139 |     3,721 
-----------+-------------------------------------------------------------------------------------------------------------------------+----------
     Total |        52        219        684         57        246         23         44         15         14         14        325 |    16,666 



. 
. log close
      name:  <unnamed>
       log:  F:\data3\ABM\R21_yr1\csv_files\origin_destination.log
  log type:  text
 closed on:  12 Apr 2015, 18:45:50
---------------------------------------------------------------------------------------------------------------------------------------------------------------------------------------------------------------------------------------------------------------
